// Jest Snapshot v1, https://goo.gl/fbAQLP

exports[`uglify 1`] = `
Array [
  Object {
    "distColumn": 1,
    "distLine": 1,
    "name": "get",
    "srcColumn": 1,
    "srcFileName": "index.js",
    "srcLine": 1,
  },
  Object {
    "distColumn": 10,
    "distLine": 1,
    "name": "get",
    "srcColumn": 10,
    "srcFileName": "index.js",
    "srcLine": 1,
  },
  Object {
    "distColumn": 14,
    "distLine": 1,
    "name": "value",
    "srcColumn": 15,
    "srcFileName": "index.js",
    "srcLine": 1,
  },
  Object {
    "distColumn": 17,
    "distLine": 1,
    "name": "value",
    "srcColumn": 3,
    "srcFileName": "index.js",
    "srcLine": 2,
  },
  Object {
    "distColumn": 24,
    "distLine": 1,
    "name": undefined,
    "srcColumn": 10,
    "srcFileName": "index.js",
    "srcLine": 2,
  },
]
`;

exports[`webpack 1`] = `
Array [
  Object {
    "distColumn": 14,
    "distLine": 1,
    "name": "installedModules",
    "srcColumn": 3,
    "srcFileName": "webpack:///webpack/bootstrap",
    "srcLine": 2,
  },
  Object {
    "distColumn": 18,
    "distLine": 1,
    "name": "installedModules",
    "srcColumn": 7,
    "srcFileName": "webpack:///webpack/bootstrap",
    "srcLine": 2,
  },
  Object {
    "distColumn": 20,
    "distLine": 1,
    "name": "installedModules",
    "srcColumn": 26,
    "srcFileName": "webpack:///webpack/bootstrap",
    "srcLine": 2,
  },
  Object {
    "distColumn": 23,
    "distLine": 1,
    "name": "installedModules",
    "srcColumn": 3,
    "srcFileName": "webpack:///webpack/bootstrap",
    "srcLine": 5,
  },
  Object {
    "distColumn": 32,
    "distLine": 1,
    "name": "__webpack_require__",
    "srcColumn": 12,
    "srcFileName": "webpack:///webpack/bootstrap",
    "srcLine": 5,
  },
  Object {
    "distColumn": 34,
    "distLine": 1,
    "name": "moduleId",
    "srcColumn": 32,
    "srcFileName": "webpack:///webpack/bootstrap",
    "srcLine": 5,
  },
  Object {
    "distColumn": 37,
    "distLine": 1,
    "name": "moduleId",
    "srcColumn": 4,
    "srcFileName": "webpack:///webpack/bootstrap",
    "srcLine": 8,
  },
  Object {
    "distColumn": 40,
    "distLine": 1,
    "name": "installedModules",
    "srcColumn": 7,
    "srcFileName": "webpack:///webpack/bootstrap",
    "srcLine": 8,
  },
  Object {
    "distColumn": 42,
    "distLine": 1,
    "name": "moduleId",
    "srcColumn": 24,
    "srcFileName": "webpack:///webpack/bootstrap",
    "srcLine": 8,
  },
  Object {
    "distColumn": 45,
    "distLine": 1,
    "name": "moduleId",
    "srcColumn": 5,
    "srcFileName": "webpack:///webpack/bootstrap",
    "srcLine": 9,
  },
  Object {
    "distColumn": 52,
    "distLine": 1,
    "name": "installedModules",
    "srcColumn": 12,
    "srcFileName": "webpack:///webpack/bootstrap",
    "srcLine": 9,
  },
  Object {
    "distColumn": 54,
    "distLine": 1,
    "name": "moduleId",
    "srcColumn": 29,
    "srcFileName": "webpack:///webpack/bootstrap",
    "srcLine": 9,
  },
  Object {
    "distColumn": 57,
    "distLine": 1,
    "name": "exports",
    "srcColumn": 39,
    "srcFileName": "webpack:///webpack/bootstrap",
    "srcLine": 9,
  },
  Object {
    "distColumn": 65,
    "distLine": 1,
    "name": "exports",
    "srcColumn": 4,
    "srcFileName": "webpack:///webpack/bootstrap",
    "srcLine": 12,
  },
  Object {
    "distColumn": 69,
    "distLine": 1,
    "name": "module",
    "srcColumn": 8,
    "srcFileName": "webpack:///webpack/bootstrap",
    "srcLine": 12,
  },
  Object {
    "distColumn": 71,
    "distLine": 1,
    "name": "installedModules",
    "srcColumn": 17,
    "srcFileName": "webpack:///webpack/bootstrap",
    "srcLine": 12,
  },
  Object {
    "distColumn": 73,
    "distLine": 1,
    "name": "moduleId",
    "srcColumn": 34,
    "srcFileName": "webpack:///webpack/bootstrap",
    "srcLine": 12,
  },
  Object {
    "distColumn": 76,
    "distLine": 1,
    "name": "moduleId",
    "srcColumn": 46,
    "srcFileName": "webpack:///webpack/bootstrap",
    "srcLine": 12,
  },
  Object {
    "distColumn": 77,
    "distLine": 1,
    "name": "i",
    "srcColumn": 5,
    "srcFileName": "webpack:///webpack/bootstrap",
    "srcLine": 13,
  },
  Object {
    "distColumn": 79,
    "distLine": 1,
    "name": "moduleId",
    "srcColumn": 8,
    "srcFileName": "webpack:///webpack/bootstrap",
    "srcLine": 13,
  },
  Object {
    "distColumn": 81,
    "distLine": 1,
    "name": "l",
    "srcColumn": 5,
    "srcFileName": "webpack:///webpack/bootstrap",
    "srcLine": 14,
  },
  Object {
    "distColumn": 84,
    "distLine": 1,
    "name": "l",
    "srcColumn": 8,
    "srcFileName": "webpack:///webpack/bootstrap",
    "srcLine": 14,
  },
  Object {
    "distColumn": 86,
    "distLine": 1,
    "name": "exports",
    "srcColumn": 5,
    "srcFileName": "webpack:///webpack/bootstrap",
    "srcLine": 15,
  },
  Object {
    "distColumn": 94,
    "distLine": 1,
    "name": "exports",
    "srcColumn": 14,
    "srcFileName": "webpack:///webpack/bootstrap",
    "srcLine": 15,
  },
  Object {
    "distColumn": 98,
    "distLine": 1,
    "name": "exports",
    "srcColumn": 4,
    "srcFileName": "webpack:///webpack/bootstrap",
    "srcLine": 25,
  },
  Object {
    "distColumn": 105,
    "distLine": 1,
    "name": "modules",
    "srcColumn": 4,
    "srcFileName": "webpack:///webpack/bootstrap",
    "srcLine": 19,
  },
  Object {
    "distColumn": 107,
    "distLine": 1,
    "name": "moduleId",
    "srcColumn": 12,
    "srcFileName": "webpack:///webpack/bootstrap",
    "srcLine": 19,
  },
  Object {
    "distColumn": 110,
    "distLine": 1,
    "name": "call",
    "srcColumn": 22,
    "srcFileName": "webpack:///webpack/bootstrap",
    "srcLine": 19,
  },
  Object {
    "distColumn": 115,
    "distLine": 1,
    "name": "module",
    "srcColumn": 27,
    "srcFileName": "webpack:///webpack/bootstrap",
    "srcLine": 19,
  },
  Object {
    "distColumn": 117,
    "distLine": 1,
    "name": "exports",
    "srcColumn": 34,
    "srcFileName": "webpack:///webpack/bootstrap",
    "srcLine": 19,
  },
  Object {
    "distColumn": 125,
    "distLine": 1,
    "name": "module",
    "srcColumn": 43,
    "srcFileName": "webpack:///webpack/bootstrap",
    "srcLine": 19,
  },
  Object {
    "distColumn": 127,
    "distLine": 1,
    "name": "module",
    "srcColumn": 51,
    "srcFileName": "webpack:///webpack/bootstrap",
    "srcLine": 19,
  },
  Object {
    "distColumn": 129,
    "distLine": 1,
    "name": "exports",
    "srcColumn": 58,
    "srcFileName": "webpack:///webpack/bootstrap",
    "srcLine": 19,
  },
  Object {
    "distColumn": 137,
    "distLine": 1,
    "name": "__webpack_require__",
    "srcColumn": 67,
    "srcFileName": "webpack:///webpack/bootstrap",
    "srcLine": 19,
  },
  Object {
    "distColumn": 140,
    "distLine": 1,
    "name": "module",
    "srcColumn": 4,
    "srcFileName": "webpack:///webpack/bootstrap",
    "srcLine": 22,
  },
  Object {
    "distColumn": 142,
    "distLine": 1,
    "name": "l",
    "srcColumn": 11,
    "srcFileName": "webpack:///webpack/bootstrap",
    "srcLine": 22,
  },
  Object {
    "distColumn": 145,
    "distLine": 1,
    "name": "l",
    "srcColumn": 15,
    "srcFileName": "webpack:///webpack/bootstrap",
    "srcLine": 22,
  },
  Object {
    "distColumn": 147,
    "distLine": 1,
    "name": "module",
    "srcColumn": 11,
    "srcFileName": "webpack:///webpack/bootstrap",
    "srcLine": 25,
  },
  Object {
    "distColumn": 149,
    "distLine": 1,
    "name": "exports",
    "srcColumn": 18,
    "srcFileName": "webpack:///webpack/bootstrap",
    "srcLine": 25,
  },
  Object {
    "distColumn": 157,
    "distLine": 1,
    "name": "__webpack_require__",
    "srcColumn": 3,
    "srcFileName": "webpack:///webpack/bootstrap",
    "srcLine": 30,
  },
  Object {
    "distColumn": 159,
    "distLine": 1,
    "name": "m",
    "srcColumn": 23,
    "srcFileName": "webpack:///webpack/bootstrap",
    "srcLine": 30,
  },
  Object {
    "distColumn": 161,
    "distLine": 1,
    "name": "modules",
    "srcColumn": 27,
    "srcFileName": "webpack:///webpack/bootstrap",
    "srcLine": 30,
  },
  Object {
    "distColumn": 163,
    "distLine": 1,
    "name": "__webpack_require__",
    "srcColumn": 3,
    "srcFileName": "webpack:///webpack/bootstrap",
    "srcLine": 33,
  },
  Object {
    "distColumn": 165,
    "distLine": 1,
    "name": "c",
    "srcColumn": 23,
    "srcFileName": "webpack:///webpack/bootstrap",
    "srcLine": 33,
  },
  Object {
    "distColumn": 167,
    "distLine": 1,
    "name": "installedModules",
    "srcColumn": 27,
    "srcFileName": "webpack:///webpack/bootstrap",
    "srcLine": 33,
  },
  Object {
    "distColumn": 169,
    "distLine": 1,
    "name": "__webpack_require__",
    "srcColumn": 3,
    "srcFileName": "webpack:///webpack/bootstrap",
    "srcLine": 36,
  },
  Object {
    "distColumn": 171,
    "distLine": 1,
    "name": "d",
    "srcColumn": 23,
    "srcFileName": "webpack:///webpack/bootstrap",
    "srcLine": 36,
  },
  Object {
    "distColumn": 173,
    "distLine": 1,
    "name": "d",
    "srcColumn": 27,
    "srcFileName": "webpack:///webpack/bootstrap",
    "srcLine": 36,
  },
  Object {
    "distColumn": 182,
    "distLine": 1,
    "name": "exports",
    "srcColumn": 36,
    "srcFileName": "webpack:///webpack/bootstrap",
    "srcLine": 36,
  },
  Object {
    "distColumn": 184,
    "distLine": 1,
    "name": "name",
    "srcColumn": 45,
    "srcFileName": "webpack:///webpack/bootstrap",
    "srcLine": 36,
  },
  Object {
    "distColumn": 186,
    "distLine": 1,
    "name": "getter",
    "srcColumn": 51,
    "srcFileName": "webpack:///webpack/bootstrap",
    "srcLine": 36,
  },
  Object {
    "distColumn": 189,
    "distLine": 1,
    "name": "__webpack_require__",
    "srcColumn": 8,
    "srcFileName": "webpack:///webpack/bootstrap",
    "srcLine": 37,
  },
  Object {
    "distColumn": 191,
    "distLine": 1,
    "name": "o",
    "srcColumn": 28,
    "srcFileName": "webpack:///webpack/bootstrap",
    "srcLine": 37,
  },
  Object {
    "distColumn": 193,
    "distLine": 1,
    "name": "exports",
    "srcColumn": 30,
    "srcFileName": "webpack:///webpack/bootstrap",
    "srcLine": 37,
  },
  Object {
    "distColumn": 195,
    "distLine": 1,
    "name": "name",
    "srcColumn": 39,
    "srcFileName": "webpack:///webpack/bootstrap",
    "srcLine": 37,
  },
  Object {
    "distColumn": 199,
    "distLine": 1,
    "name": "Object",
    "srcColumn": 5,
    "srcFileName": "webpack:///webpack/bootstrap",
    "srcLine": 38,
  },
  Object {
    "distColumn": 206,
    "distLine": 1,
    "name": "defineProperty",
    "srcColumn": 12,
    "srcFileName": "webpack:///webpack/bootstrap",
    "srcLine": 38,
  },
  Object {
    "distColumn": 221,
    "distLine": 1,
    "name": "exports",
    "srcColumn": 27,
    "srcFileName": "webpack:///webpack/bootstrap",
    "srcLine": 38,
  },
  Object {
    "distColumn": 223,
    "distLine": 1,
    "name": "name",
    "srcColumn": 36,
    "srcFileName": "webpack:///webpack/bootstrap",
    "srcLine": 38,
  },
  Object {
    "distColumn": 225,
    "distLine": 1,
    "name": "name",
    "srcColumn": 42,
    "srcFileName": "webpack:///webpack/bootstrap",
    "srcLine": 38,
  },
  Object {
    "distColumn": 226,
    "distLine": 1,
    "name": "enumerable",
    "srcColumn": 44,
    "srcFileName": "webpack:///webpack/bootstrap",
    "srcLine": 38,
  },
  Object {
    "distColumn": 238,
    "distLine": 1,
    "name": "enumerable",
    "srcColumn": 56,
    "srcFileName": "webpack:///webpack/bootstrap",
    "srcLine": 38,
  },
  Object {
    "distColumn": 240,
    "distLine": 1,
    "name": "get",
    "srcColumn": 62,
    "srcFileName": "webpack:///webpack/bootstrap",
    "srcLine": 38,
  },
  Object {
    "distColumn": 244,
    "distLine": 1,
    "name": "getter",
    "srcColumn": 67,
    "srcFileName": "webpack:///webpack/bootstrap",
    "srcLine": 38,
  },
  Object {
    "distColumn": 249,
    "distLine": 1,
    "name": "__webpack_require__",
    "srcColumn": 3,
    "srcFileName": "webpack:///webpack/bootstrap",
    "srcLine": 43,
  },
  Object {
    "distColumn": 251,
    "distLine": 1,
    "name": "r",
    "srcColumn": 23,
    "srcFileName": "webpack:///webpack/bootstrap",
    "srcLine": 43,
  },
  Object {
    "distColumn": 253,
    "distLine": 1,
    "name": "r",
    "srcColumn": 27,
    "srcFileName": "webpack:///webpack/bootstrap",
    "srcLine": 43,
  },
  Object {
    "distColumn": 262,
    "distLine": 1,
    "name": "exports",
    "srcColumn": 36,
    "srcFileName": "webpack:///webpack/bootstrap",
    "srcLine": 43,
  },
  Object {
    "distColumn": 265,
    "distLine": 1,
    "name": "exports",
    "srcColumn": 25,
    "srcFileName": "webpack:///webpack/bootstrap",
    "srcLine": 44,
  },
  Object {
    "distColumn": 285,
    "distLine": 1,
    "name": "Symbol",
    "srcColumn": 14,
    "srcFileName": "webpack:///webpack/bootstrap",
    "srcLine": 44,
  },
  Object {
    "distColumn": 293,
    "distLine": 1,
    "name": "Symbol",
    "srcColumn": 40,
    "srcFileName": "webpack:///webpack/bootstrap",
    "srcLine": 44,
  },
  Object {
    "distColumn": 300,
    "distLine": 1,
    "name": "toStringTag",
    "srcColumn": 47,
    "srcFileName": "webpack:///webpack/bootstrap",
    "srcLine": 44,
  },
  Object {
    "distColumn": 313,
    "distLine": 1,
    "name": "Object",
    "srcColumn": 5,
    "srcFileName": "webpack:///webpack/bootstrap",
    "srcLine": 45,
  },
  Object {
    "distColumn": 320,
    "distLine": 1,
    "name": "defineProperty",
    "srcColumn": 12,
    "srcFileName": "webpack:///webpack/bootstrap",
    "srcLine": 45,
  },
  Object {
    "distColumn": 335,
    "distLine": 1,
    "name": "exports",
    "srcColumn": 27,
    "srcFileName": "webpack:///webpack/bootstrap",
    "srcLine": 45,
  },
  Object {
    "distColumn": 337,
    "distLine": 1,
    "name": "Symbol",
    "srcColumn": 36,
    "srcFileName": "webpack:///webpack/bootstrap",
    "srcLine": 45,
  },
  Object {
    "distColumn": 344,
    "distLine": 1,
    "name": "toStringTag",
    "srcColumn": 43,
    "srcFileName": "webpack:///webpack/bootstrap",
    "srcLine": 45,
  },
  Object {
    "distColumn": 356,
    "distLine": 1,
    "name": "toStringTag",
    "srcColumn": 56,
    "srcFileName": "webpack:///webpack/bootstrap",
    "srcLine": 45,
  },
  Object {
    "distColumn": 357,
    "distLine": 1,
    "name": "value",
    "srcColumn": 58,
    "srcFileName": "webpack:///webpack/bootstrap",
    "srcLine": 45,
  },
  Object {
    "distColumn": 363,
    "distLine": 1,
    "name": "value",
    "srcColumn": 65,
    "srcFileName": "webpack:///webpack/bootstrap",
    "srcLine": 45,
  },
  Object {
    "distColumn": 374,
    "distLine": 1,
    "name": "Object",
    "srcColumn": 4,
    "srcFileName": "webpack:///webpack/bootstrap",
    "srcLine": 47,
  },
  Object {
    "distColumn": 381,
    "distLine": 1,
    "name": "defineProperty",
    "srcColumn": 11,
    "srcFileName": "webpack:///webpack/bootstrap",
    "srcLine": 47,
  },
  Object {
    "distColumn": 396,
    "distLine": 1,
    "name": "exports",
    "srcColumn": 26,
    "srcFileName": "webpack:///webpack/bootstrap",
    "srcLine": 47,
  },
  Object {
    "distColumn": 398,
    "distLine": 1,
    "name": "exports",
    "srcColumn": 35,
    "srcFileName": "webpack:///webpack/bootstrap",
    "srcLine": 47,
  },
  Object {
    "distColumn": 411,
    "distLine": 1,
    "name": "exports",
    "srcColumn": 49,
    "srcFileName": "webpack:///webpack/bootstrap",
    "srcLine": 47,
  },
  Object {
    "distColumn": 412,
    "distLine": 1,
    "name": "value",
    "srcColumn": 51,
    "srcFileName": "webpack:///webpack/bootstrap",
    "srcLine": 47,
  },
  Object {
    "distColumn": 419,
    "distLine": 1,
    "name": "value",
    "srcColumn": 58,
    "srcFileName": "webpack:///webpack/bootstrap",
    "srcLine": 47,
  },
  Object {
    "distColumn": 424,
    "distLine": 1,
    "name": "__webpack_require__",
    "srcColumn": 3,
    "srcFileName": "webpack:///webpack/bootstrap",
    "srcLine": 55,
  },
  Object {
    "distColumn": 426,
    "distLine": 1,
    "name": "t",
    "srcColumn": 23,
    "srcFileName": "webpack:///webpack/bootstrap",
    "srcLine": 55,
  },
  Object {
    "distColumn": 428,
    "distLine": 1,
    "name": "t",
    "srcColumn": 27,
    "srcFileName": "webpack:///webpack/bootstrap",
    "srcLine": 55,
  },
  Object {
    "distColumn": 437,
    "distLine": 1,
    "name": "value",
    "srcColumn": 36,
    "srcFileName": "webpack:///webpack/bootstrap",
    "srcLine": 55,
  },
  Object {
    "distColumn": 439,
    "distLine": 1,
    "name": "mode",
    "srcColumn": 43,
    "srcFileName": "webpack:///webpack/bootstrap",
    "srcLine": 55,
  },
  Object {
    "distColumn": 442,
    "distLine": 1,
    "name": "mode",
    "srcColumn": 4,
    "srcFileName": "webpack:///webpack/bootstrap",
    "srcLine": 57,
  },
  Object {
    "distColumn": 445,
    "distLine": 1,
    "name": "mode",
    "srcColumn": 14,
    "srcFileName": "webpack:///webpack/bootstrap",
    "srcLine": 56,
  },
  Object {
    "distColumn": 447,
    "distLine": 1,
    "name": "mode",
    "srcColumn": 7,
    "srcFileName": "webpack:///webpack/bootstrap",
    "srcLine": 56,
  },
  Object {
    "distColumn": 451,
    "distLine": 1,
    "name": "value",
    "srcColumn": 17,
    "srcFileName": "webpack:///webpack/bootstrap",
    "srcLine": 56,
  },
  Object {
    "distColumn": 453,
    "distLine": 1,
    "name": "__webpack_require__",
    "srcColumn": 25,
    "srcFileName": "webpack:///webpack/bootstrap",
    "srcLine": 56,
  },
  Object {
    "distColumn": 455,
    "distLine": 1,
    "name": "value",
    "srcColumn": 45,
    "srcFileName": "webpack:///webpack/bootstrap",
    "srcLine": 56,
  },
  Object {
    "distColumn": 459,
    "distLine": 1,
    "name": "value",
    "srcColumn": 14,
    "srcFileName": "webpack:///webpack/bootstrap",
    "srcLine": 57,
  },
  Object {
    "distColumn": 461,
    "distLine": 1,
    "name": "mode",
    "srcColumn": 7,
    "srcFileName": "webpack:///webpack/bootstrap",
    "srcLine": 57,
  },
  Object {
    "distColumn": 463,
    "distLine": 1,
    "name": "mode",
    "srcColumn": 17,
    "srcFileName": "webpack:///webpack/bootstrap",
    "srcLine": 57,
  },
  Object {
    "distColumn": 470,
    "distLine": 1,
    "name": "value",
    "srcColumn": 24,
    "srcFileName": "webpack:///webpack/bootstrap",
    "srcLine": 57,
  },
  Object {
    "distColumn": 472,
    "distLine": 1,
    "name": "value",
    "srcColumn": 4,
    "srcFileName": "webpack:///webpack/bootstrap",
    "srcLine": 58,
  },
  Object {
    "distColumn": 475,
    "distLine": 1,
    "name": "value",
    "srcColumn": 15,
    "srcFileName": "webpack:///webpack/bootstrap",
    "srcLine": 58,
  },
  Object {
    "distColumn": 477,
    "distLine": 1,
    "name": "mode",
    "srcColumn": 8,
    "srcFileName": "webpack:///webpack/bootstrap",
    "srcLine": 58,
  },
  Object {
    "distColumn": 480,
    "distLine": 1,
    "name": "mode",
    "srcColumn": 38,
    "srcFileName": "webpack:///webpack/bootstrap",
    "srcLine": 58,
  },
  Object {
    "distColumn": 497,
    "distLine": 1,
    "name": "value",
    "srcColumn": 28,
    "srcFileName": "webpack:///webpack/bootstrap",
    "srcLine": 58,
  },
  Object {
    "distColumn": 500,
    "distLine": 1,
    "name": "value",
    "srcColumn": 50,
    "srcFileName": "webpack:///webpack/bootstrap",
    "srcLine": 58,
  },
  Object {
    "distColumn": 503,
    "distLine": 1,
    "name": "value",
    "srcColumn": 59,
    "srcFileName": "webpack:///webpack/bootstrap",
    "srcLine": 58,
  },
  Object {
    "distColumn": 505,
    "distLine": 1,
    "name": "__esModule",
    "srcColumn": 65,
    "srcFileName": "webpack:///webpack/bootstrap",
    "srcLine": 58,
  },
  Object {
    "distColumn": 516,
    "distLine": 1,
    "name": "__esModule",
    "srcColumn": 77,
    "srcFileName": "webpack:///webpack/bootstrap",
    "srcLine": 58,
  },
  Object {
    "distColumn": 523,
    "distLine": 1,
    "name": "value",
    "srcColumn": 84,
    "srcFileName": "webpack:///webpack/bootstrap",
    "srcLine": 58,
  },
  Object {
    "distColumn": 525,
    "distLine": 1,
    "name": "value",
    "srcColumn": 4,
    "srcFileName": "webpack:///webpack/bootstrap",
    "srcLine": 59,
  },
  Object {
    "distColumn": 529,
    "distLine": 1,
    "name": "ns",
    "srcColumn": 8,
    "srcFileName": "webpack:///webpack/bootstrap",
    "srcLine": 59,
  },
  Object {
    "distColumn": 531,
    "distLine": 1,
    "name": "Object",
    "srcColumn": 13,
    "srcFileName": "webpack:///webpack/bootstrap",
    "srcLine": 59,
  },
  Object {
    "distColumn": 538,
    "distLine": 1,
    "name": "create",
    "srcColumn": 20,
    "srcFileName": "webpack:///webpack/bootstrap",
    "srcLine": 59,
  },
  Object {
    "distColumn": 545,
    "distLine": 1,
    "name": "create",
    "srcColumn": 27,
    "srcFileName": "webpack:///webpack/bootstrap",
    "srcLine": 59,
  },
  Object {
    "distColumn": 551,
    "distLine": 1,
    "name": "create",
    "srcColumn": 4,
    "srcFileName": "webpack:///webpack/bootstrap",
    "srcLine": 62,
  },
  Object {
    "distColumn": 554,
    "distLine": 1,
    "name": "__webpack_require__",
    "srcColumn": 4,
    "srcFileName": "webpack:///webpack/bootstrap",
    "srcLine": 60,
  },
  Object {
    "distColumn": 556,
    "distLine": 1,
    "name": "r",
    "srcColumn": 24,
    "srcFileName": "webpack:///webpack/bootstrap",
    "srcLine": 60,
  },
  Object {
    "distColumn": 558,
    "distLine": 1,
    "name": "ns",
    "srcColumn": 26,
    "srcFileName": "webpack:///webpack/bootstrap",
    "srcLine": 60,
  },
  Object {
    "distColumn": 561,
    "distLine": 1,
    "name": "Object",
    "srcColumn": 4,
    "srcFileName": "webpack:///webpack/bootstrap",
    "srcLine": 61,
  },
  Object {
    "distColumn": 568,
    "distLine": 1,
    "name": "defineProperty",
    "srcColumn": 11,
    "srcFileName": "webpack:///webpack/bootstrap",
    "srcLine": 61,
  },
  Object {
    "distColumn": 583,
    "distLine": 1,
    "name": "ns",
    "srcColumn": 26,
    "srcFileName": "webpack:///webpack/bootstrap",
    "srcLine": 61,
  },
  Object {
    "distColumn": 585,
    "distLine": 1,
    "name": "ns",
    "srcColumn": 30,
    "srcFileName": "webpack:///webpack/bootstrap",
    "srcLine": 61,
  },
  Object {
    "distColumn": 595,
    "distLine": 1,
    "name": "ns",
    "srcColumn": 41,
    "srcFileName": "webpack:///webpack/bootstrap",
    "srcLine": 61,
  },
  Object {
    "distColumn": 596,
    "distLine": 1,
    "name": "enumerable",
    "srcColumn": 43,
    "srcFileName": "webpack:///webpack/bootstrap",
    "srcLine": 61,
  },
  Object {
    "distColumn": 608,
    "distLine": 1,
    "name": "enumerable",
    "srcColumn": 55,
    "srcFileName": "webpack:///webpack/bootstrap",
    "srcLine": 61,
  },
  Object {
    "distColumn": 610,
    "distLine": 1,
    "name": "value",
    "srcColumn": 61,
    "srcFileName": "webpack:///webpack/bootstrap",
    "srcLine": 61,
  },
  Object {
    "distColumn": 616,
    "distLine": 1,
    "name": "value",
    "srcColumn": 68,
    "srcFileName": "webpack:///webpack/bootstrap",
    "srcLine": 61,
  },
  Object {
    "distColumn": 620,
    "distLine": 1,
    "name": "value",
    "srcColumn": 14,
    "srcFileName": "webpack:///webpack/bootstrap",
    "srcLine": 62,
  },
  Object {
    "distColumn": 622,
    "distLine": 1,
    "name": "mode",
    "srcColumn": 7,
    "srcFileName": "webpack:///webpack/bootstrap",
    "srcLine": 62,
  },
  Object {
    "distColumn": 625,
    "distLine": 1,
    "name": "mode",
    "srcColumn": 35,
    "srcFileName": "webpack:///webpack/bootstrap",
    "srcLine": 62,
  },
  Object {
    "distColumn": 642,
    "distLine": 1,
    "name": "value",
    "srcColumn": 26,
    "srcFileName": "webpack:///webpack/bootstrap",
    "srcLine": 62,
  },
  Object {
    "distColumn": 644,
    "distLine": 1,
    "name": "value",
    "srcColumn": 45,
    "srcFileName": "webpack:///webpack/bootstrap",
    "srcLine": 62,
  },
  Object {
    "distColumn": 648,
    "distLine": 1,
    "name": "value",
    "srcColumn": 49,
    "srcFileName": "webpack:///webpack/bootstrap",
    "srcLine": 62,
  },
  Object {
    "distColumn": 652,
    "distLine": 1,
    "name": "key",
    "srcColumn": 53,
    "srcFileName": "webpack:///webpack/bootstrap",
    "srcLine": 62,
  },
  Object {
    "distColumn": 657,
    "distLine": 1,
    "name": "value",
    "srcColumn": 60,
    "srcFileName": "webpack:///webpack/bootstrap",
    "srcLine": 62,
  },
  Object {
    "distColumn": 659,
    "distLine": 1,
    "name": "__webpack_require__",
    "srcColumn": 67,
    "srcFileName": "webpack:///webpack/bootstrap",
    "srcLine": 62,
  },
  Object {
    "distColumn": 661,
    "distLine": 1,
    "name": "d",
    "srcColumn": 87,
    "srcFileName": "webpack:///webpack/bootstrap",
    "srcLine": 62,
  },
  Object {
    "distColumn": 663,
    "distLine": 1,
    "name": "ns",
    "srcColumn": 89,
    "srcFileName": "webpack:///webpack/bootstrap",
    "srcLine": 62,
  },
  Object {
    "distColumn": 665,
    "distLine": 1,
    "name": "key",
    "srcColumn": 93,
    "srcFileName": "webpack:///webpack/bootstrap",
    "srcLine": 62,
  },
  Object {
    "distColumn": 667,
    "distLine": 1,
    "name": "key",
    "srcColumn": 98,
    "srcFileName": "webpack:///webpack/bootstrap",
    "srcLine": 62,
  },
  Object {
    "distColumn": 676,
    "distLine": 1,
    "name": "key",
    "srcColumn": 107,
    "srcFileName": "webpack:///webpack/bootstrap",
    "srcLine": 62,
  },
  Object {
    "distColumn": 679,
    "distLine": 1,
    "name": "key",
    "srcColumn": 114,
    "srcFileName": "webpack:///webpack/bootstrap",
    "srcLine": 62,
  },
  Object {
    "distColumn": 686,
    "distLine": 1,
    "name": "value",
    "srcColumn": 121,
    "srcFileName": "webpack:///webpack/bootstrap",
    "srcLine": 62,
  },
  Object {
    "distColumn": 688,
    "distLine": 1,
    "name": "key",
    "srcColumn": 127,
    "srcFileName": "webpack:///webpack/bootstrap",
    "srcLine": 62,
  },
  Object {
    "distColumn": 692,
    "distLine": 1,
    "name": "bind",
    "srcColumn": 135,
    "srcFileName": "webpack:///webpack/bootstrap",
    "srcLine": 62,
  },
  Object {
    "distColumn": 697,
    "distLine": 1,
    "name": "bind",
    "srcColumn": 140,
    "srcFileName": "webpack:///webpack/bootstrap",
    "srcLine": 62,
  },
  Object {
    "distColumn": 702,
    "distLine": 1,
    "name": "key",
    "srcColumn": 146,
    "srcFileName": "webpack:///webpack/bootstrap",
    "srcLine": 62,
  },
  Object {
    "distColumn": 706,
    "distLine": 1,
    "name": "key",
    "srcColumn": 4,
    "srcFileName": "webpack:///webpack/bootstrap",
    "srcLine": 63,
  },
  Object {
    "distColumn": 713,
    "distLine": 1,
    "name": "ns",
    "srcColumn": 11,
    "srcFileName": "webpack:///webpack/bootstrap",
    "srcLine": 63,
  },
  Object {
    "distColumn": 716,
    "distLine": 1,
    "name": "__webpack_require__",
    "srcColumn": 3,
    "srcFileName": "webpack:///webpack/bootstrap",
    "srcLine": 67,
  },
  Object {
    "distColumn": 718,
    "distLine": 1,
    "name": "n",
    "srcColumn": 23,
    "srcFileName": "webpack:///webpack/bootstrap",
    "srcLine": 67,
  },
  Object {
    "distColumn": 720,
    "distLine": 1,
    "name": "n",
    "srcColumn": 27,
    "srcFileName": "webpack:///webpack/bootstrap",
    "srcLine": 67,
  },
  Object {
    "distColumn": 729,
    "distLine": 1,
    "name": "module",
    "srcColumn": 36,
    "srcFileName": "webpack:///webpack/bootstrap",
    "srcLine": 67,
  },
  Object {
    "distColumn": 732,
    "distLine": 1,
    "name": "module",
    "srcColumn": 4,
    "srcFileName": "webpack:///webpack/bootstrap",
    "srcLine": 68,
  },
  Object {
    "distColumn": 736,
    "distLine": 1,
    "name": "getter",
    "srcColumn": 8,
    "srcFileName": "webpack:///webpack/bootstrap",
    "srcLine": 68,
  },
  Object {
    "distColumn": 738,
    "distLine": 1,
    "name": "module",
    "srcColumn": 17,
    "srcFileName": "webpack:///webpack/bootstrap",
    "srcLine": 68,
  },
  Object {
    "distColumn": 741,
    "distLine": 1,
    "name": "module",
    "srcColumn": 27,
    "srcFileName": "webpack:///webpack/bootstrap",
    "srcLine": 68,
  },
  Object {
    "distColumn": 743,
    "distLine": 1,
    "name": "__esModule",
    "srcColumn": 34,
    "srcFileName": "webpack:///webpack/bootstrap",
    "srcLine": 68,
  },
  Object {
    "distColumn": 754,
    "distLine": 1,
    "name": "__esModule",
    "srcColumn": 5,
    "srcFileName": "webpack:///webpack/bootstrap",
    "srcLine": 69,
  },
  Object {
    "distColumn": 765,
    "distLine": 1,
    "name": "__esModule",
    "srcColumn": 29,
    "srcFileName": "webpack:///webpack/bootstrap",
    "srcLine": 69,
  },
  Object {
    "distColumn": 772,
    "distLine": 1,
    "name": "module",
    "srcColumn": 36,
    "srcFileName": "webpack:///webpack/bootstrap",
    "srcLine": 69,
  },
  Object {
    "distColumn": 774,
    "distLine": 1,
    "name": "module",
    "srcColumn": 52,
    "srcFileName": "webpack:///webpack/bootstrap",
    "srcLine": 69,
  },
  Object {
    "distColumn": 783,
    "distLine": 1,
    "name": "module",
    "srcColumn": 5,
    "srcFileName": "webpack:///webpack/bootstrap",
    "srcLine": 70,
  },
  Object {
    "distColumn": 794,
    "distLine": 1,
    "name": "module",
    "srcColumn": 35,
    "srcFileName": "webpack:///webpack/bootstrap",
    "srcLine": 70,
  },
  Object {
    "distColumn": 801,
    "distLine": 1,
    "name": "module",
    "srcColumn": 42,
    "srcFileName": "webpack:///webpack/bootstrap",
    "srcLine": 70,
  },
  Object {
    "distColumn": 804,
    "distLine": 1,
    "name": "module",
    "srcColumn": 4,
    "srcFileName": "webpack:///webpack/bootstrap",
    "srcLine": 72,
  },
  Object {
    "distColumn": 811,
    "distLine": 1,
    "name": "__webpack_require__",
    "srcColumn": 4,
    "srcFileName": "webpack:///webpack/bootstrap",
    "srcLine": 71,
  },
  Object {
    "distColumn": 813,
    "distLine": 1,
    "name": "d",
    "srcColumn": 24,
    "srcFileName": "webpack:///webpack/bootstrap",
    "srcLine": 71,
  },
  Object {
    "distColumn": 815,
    "distLine": 1,
    "name": "getter",
    "srcColumn": 26,
    "srcFileName": "webpack:///webpack/bootstrap",
    "srcLine": 71,
  },
  Object {
    "distColumn": 817,
    "distLine": 1,
    "name": "getter",
    "srcColumn": 34,
    "srcFileName": "webpack:///webpack/bootstrap",
    "srcLine": 71,
  },
  Object {
    "distColumn": 821,
    "distLine": 1,
    "name": "getter",
    "srcColumn": 39,
    "srcFileName": "webpack:///webpack/bootstrap",
    "srcLine": 71,
  },
  Object {
    "distColumn": 824,
    "distLine": 1,
    "name": "getter",
    "srcColumn": 11,
    "srcFileName": "webpack:///webpack/bootstrap",
    "srcLine": 72,
  },
  Object {
    "distColumn": 827,
    "distLine": 1,
    "name": "__webpack_require__",
    "srcColumn": 3,
    "srcFileName": "webpack:///webpack/bootstrap",
    "srcLine": 76,
  },
  Object {
    "distColumn": 829,
    "distLine": 1,
    "name": "o",
    "srcColumn": 23,
    "srcFileName": "webpack:///webpack/bootstrap",
    "srcLine": 76,
  },
  Object {
    "distColumn": 831,
    "distLine": 1,
    "name": "o",
    "srcColumn": 27,
    "srcFileName": "webpack:///webpack/bootstrap",
    "srcLine": 76,
  },
  Object {
    "distColumn": 840,
    "distLine": 1,
    "name": "object",
    "srcColumn": 36,
    "srcFileName": "webpack:///webpack/bootstrap",
    "srcLine": 76,
  },
  Object {
    "distColumn": 842,
    "distLine": 1,
    "name": "property",
    "srcColumn": 44,
    "srcFileName": "webpack:///webpack/bootstrap",
    "srcLine": 76,
  },
  Object {
    "distColumn": 845,
    "distLine": 1,
    "name": "property",
    "srcColumn": 56,
    "srcFileName": "webpack:///webpack/bootstrap",
    "srcLine": 76,
  },
  Object {
    "distColumn": 852,
    "distLine": 1,
    "name": "Object",
    "srcColumn": 63,
    "srcFileName": "webpack:///webpack/bootstrap",
    "srcLine": 76,
  },
  Object {
    "distColumn": 859,
    "distLine": 1,
    "name": "prototype",
    "srcColumn": 70,
    "srcFileName": "webpack:///webpack/bootstrap",
    "srcLine": 76,
  },
  Object {
    "distColumn": 869,
    "distLine": 1,
    "name": "hasOwnProperty",
    "srcColumn": 80,
    "srcFileName": "webpack:///webpack/bootstrap",
    "srcLine": 76,
  },
  Object {
    "distColumn": 884,
    "distLine": 1,
    "name": "call",
    "srcColumn": 95,
    "srcFileName": "webpack:///webpack/bootstrap",
    "srcLine": 76,
  },
  Object {
    "distColumn": 889,
    "distLine": 1,
    "name": "object",
    "srcColumn": 100,
    "srcFileName": "webpack:///webpack/bootstrap",
    "srcLine": 76,
  },
  Object {
    "distColumn": 891,
    "distLine": 1,
    "name": "property",
    "srcColumn": 108,
    "srcFileName": "webpack:///webpack/bootstrap",
    "srcLine": 76,
  },
  Object {
    "distColumn": 895,
    "distLine": 1,
    "name": "__webpack_require__",
    "srcColumn": 3,
    "srcFileName": "webpack:///webpack/bootstrap",
    "srcLine": 79,
  },
  Object {
    "distColumn": 897,
    "distLine": 1,
    "name": "p",
    "srcColumn": 23,
    "srcFileName": "webpack:///webpack/bootstrap",
    "srcLine": 79,
  },
  Object {
    "distColumn": 899,
    "distLine": 1,
    "name": "p",
    "srcColumn": 27,
    "srcFileName": "webpack:///webpack/bootstrap",
    "srcLine": 79,
  },
  Object {
    "distColumn": 902,
    "distLine": 1,
    "name": "__webpack_require__",
    "srcColumn": 10,
    "srcFileName": "webpack:///webpack/bootstrap",
    "srcLine": 83,
  },
  Object {
    "distColumn": 904,
    "distLine": 1,
    "name": "__webpack_require__",
    "srcColumn": 30,
    "srcFileName": "webpack:///webpack/bootstrap",
    "srcLine": 83,
  },
  Object {
    "distColumn": 906,
    "distLine": 1,
    "name": "s",
    "srcColumn": 50,
    "srcFileName": "webpack:///webpack/bootstrap",
    "srcLine": 83,
  },
  Object {
    "distColumn": 908,
    "distLine": 1,
    "name": "s",
    "srcColumn": 54,
    "srcFileName": "webpack:///webpack/bootstrap",
    "srcLine": 83,
  },
  Object {
    "distColumn": 911,
    "distLine": 1,
    "name": "s",
    "srcColumn": 54,
    "srcFileName": undefined,
    "srcLine": 83,
  },
  Object {
    "distColumn": 949,
    "distLine": 1,
    "name": "s",
    "srcColumn": 16,
    "srcFileName": "webpack:///./get-a.js",
    "srcLine": 9,
  },
  Object {
    "distColumn": 955,
    "distLine": 1,
    "name": "s",
    "srcColumn": 1,
    "srcFileName": "webpack:///webpack/bootstrap",
    "srcLine": 5,
  },
  Object {
    "distColumn": 966,
    "distLine": 1,
    "name": "s",
    "srcColumn": 3,
    "srcFileName": "webpack:///webpack/bootstrap",
    "srcLine": 6,
  },
  Object {
    "distColumn": 973,
    "distLine": 1,
    "name": "s",
    "srcColumn": 10,
    "srcFileName": "webpack:///webpack/bootstrap",
    "srcLine": 6,
  },
  Object {
    "distColumn": 976,
    "distLine": 1,
    "name": "console",
    "srcColumn": 1,
    "srcFileName": "webpack:///./get-a.js",
    "srcLine": 7,
  },
  Object {
    "distColumn": 984,
    "distLine": 1,
    "name": "log",
    "srcColumn": 9,
    "srcFileName": "webpack:///webpack/bootstrap",
    "srcLine": 7,
  },
  Object {
    "distColumn": 988,
    "distLine": 1,
    "name": "log",
    "srcColumn": 13,
    "srcFileName": "webpack:///webpack/bootstrap",
    "srcLine": 7,
  },
]
`;
