// Jest Snapshot v1, https://goo.gl/fbAQLP

exports[`parse simple rule 1`] = `
Rule {
  "paths": Array [
    Array [
      Node {
        "nextNodes": Array [
          Node {
            "nextNodes": Array [],
            "type": "RegExp",
            "value": /\\^\\(\\[a-z\\]\\[A-Z\\]\\[0-9\\]\\)/,
          },
        ],
        "type": "Rule",
        "value": "String",
      },
    ],
    Array [
      Node {
        "nextNodes": Array [
          Node {
            "nextNodes": Array [],
            "type": "String",
            "value": "null",
          },
        ],
        "type": "Rule",
        "value": "Null",
      },
    ],
    Array [
      Node {
        "nextNodes": Array [
          Node {
            "nextNodes": Array [
              Node {
                "nextNodes": Array [],
                "type": "String",
                "value": "undefined",
              },
            ],
            "type": "Rule",
            "value": "Null",
          },
        ],
        "type": "Rule",
        "value": "NullAndUndefined",
      },
    ],
    Array [
      Node {
        "nextNodes": Array [
          Node {
            "nextNodes": Array [],
            "type": "Rule",
            "value": "Null",
          },
          Node {
            "nextNodes": Array [],
            "type": "String",
            "value": "undefined",
          },
        ],
        "type": "Rule",
        "value": "NullOrUndefined",
      },
    ],
  ],
  "startNode": Node {
    "nextNodes": Array [
      Node {
        "nextNodes": Array [
          Node {
            "nextNodes": Array [],
            "type": "RegExp",
            "value": /\\^\\(\\[a-z\\]\\[A-Z\\]\\[0-9\\]\\)/,
          },
        ],
        "type": "Rule",
        "value": "String",
      },
      Node {
        "nextNodes": Array [
          Node {
            "nextNodes": Array [],
            "type": "String",
            "value": "null",
          },
        ],
        "type": "Rule",
        "value": "Null",
      },
      Node {
        "nextNodes": Array [
          Node {
            "nextNodes": Array [
              Node {
                "nextNodes": Array [],
                "type": "String",
                "value": "undefined",
              },
            ],
            "type": "Rule",
            "value": "Null",
          },
        ],
        "type": "Rule",
        "value": "NullAndUndefined",
      },
      Node {
        "nextNodes": Array [
          Node {
            "nextNodes": Array [],
            "type": "Rule",
            "value": "Null",
          },
          Node {
            "nextNodes": Array [],
            "type": "String",
            "value": "undefined",
          },
        ],
        "type": "Rule",
        "value": "NullOrUndefined",
      },
    ],
    "type": "Start",
    "value": null,
  },
}
`;
